npm warn config optional Use `--omit=optional` to exclude optional dependencies, or
npm warn config `--include=optional` to include them.
npm warn config
npm warn config       Default value does install optional deps unless otherwise omitted.

> rest-express@1.0.0 build
> vite build && esbuild server/index.ts --platform=node --packages=external --bundle --format=esm --outdir=dist

vite v5.4.21 building for production...
transforming...
✓ 3988 modules transformed.
rendering chunks...
computing gzip size...
../dist/public/index.html                     0.68 kB │ gzip:   0.41 kB
../dist/public/assets/index-CwmHdUpr.css     85.65 kB │ gzip:  14.38 kB
../dist/public/assets/index-3457ew89.js   1,984.64 kB │ gzip: 532.48 kB

(!) Some chunks are larger than 500 kB after minification. Consider:
- Using dynamic import() to code-split the application
- Use build.rollupOptions.output.manualChunks to improve chunking: https://rollupjs.org/configuration-options/#output-manualchunks
- Adjust chunk size limit for this warning via build.chunkSizeWarningLimit.
✓ built in 2.85s

  dist/index.js  1.2mb ⚠️

⚡ Done in 11ms
